  Determining projects to restore...
  All projects are up-to-date for restore.
  Field_ops.Domain -> C:\Users\aflah\OneDrive\Desktop\FIELD_OPS_\Fiels_Ops\Field_ops.Domain\bin\Debug\net8.0\Field_ops.Domain.dll
  Field_Ops.Application -> C:\Users\aflah\OneDrive\Desktop\FIELD_OPS_\Fiels_Ops\Field_Ops.Application\bin\Debug\net8.0\Field_Ops.Application.dll
  Field_Ops.Infrastructure -> C:\Users\aflah\OneDrive\Desktop\FIELD_OPS_\Fiels_Ops\Field_Ops.Infrastructure\bin\Debug\net8.0\Field_Ops.Infrastructure.dll
C:\Program Files\dotnet\sdk\9.0.305\Microsoft.Common.CurrentVersion.targets(5093,5): warning MSB3026: Could not copy "C:\Users\aflah\OneDrive\Desktop\FIELD_OPS_\Fiels_Ops\Field_Ops.Infrastructure\bin\Debug\net8.0\Field_Ops.Infrastructure.dll" to "bin\Debug\net8.0\Field_Ops.Infrastructure.dll". Beginning retry 1 in 1000ms. The process cannot access the file 'C:\Users\aflah\OneDrive\Desktop\FIELD_OPS_\Fiels_Ops\Field_Ops.WebApi\bin\Debug\net8.0\Field_Ops.Infrastructure.dll' because it is being used by another process. The file is locked by: "Field_Ops.WebApi (19864)" [C:\Users\aflah\OneDrive\Desktop\FIELD_OPS_\Fiels_Ops\Field_Ops.WebApi\Field_Ops.WebApi.csproj]
C:\Program Files\dotnet\sdk\9.0.305\Microsoft.Common.CurrentVersion.targets(5093,5): warning MSB3026: Could not copy "C:\Users\aflah\OneDrive\Desktop\FIELD_OPS_\Fiels_Ops\Field_Ops.Infrastructure\bin\Debug\net8.0\Field_Ops.Infrastructure.dll" to "bin\Debug\net8.0\Field_Ops.Infrastructure.dll". Beginning retry 2 in 1000ms. The process cannot access the file 'C:\Users\aflah\OneDrive\Desktop\FIELD_OPS_\Fiels_Ops\Field_Ops.WebApi\bin\Debug\net8.0\Field_Ops.Infrastructure.dll' because it is being used by another process. The file is locked by: "Field_Ops.WebApi (19864)" [C:\Users\aflah\OneDrive\Desktop\FIELD_OPS_\Fiels_Ops\Field_Ops.WebApi\Field_Ops.WebApi.csproj]
C:\Program Files\dotnet\sdk\9.0.305\Microsoft.Common.CurrentVersion.targets(5093,5): warning MSB3026: Could not copy "C:\Users\aflah\OneDrive\Desktop\FIELD_OPS_\Fiels_Ops\Field_Ops.Infrastructure\bin\Debug\net8.0\Field_Ops.Infrastructure.dll" to "bin\Debug\net8.0\Field_Ops.Infrastructure.dll". Beginning retry 3 in 1000ms. The process cannot access the file 'C:\Users\aflah\OneDrive\Desktop\FIELD_OPS_\Fiels_Ops\Field_Ops.WebApi\bin\Debug\net8.0\Field_Ops.Infrastructure.dll' because it is being used by another process. The file is locked by: "Field_Ops.WebApi (19864)" [C:\Users\aflah\OneDrive\Desktop\FIELD_OPS_\Fiels_Ops\Field_Ops.WebApi\Field_Ops.WebApi.csproj]
C:\Program Files\dotnet\sdk\9.0.305\Microsoft.Common.CurrentVersion.targets(5093,5): warning MSB3026: Could not copy "C:\Users\aflah\OneDrive\Desktop\FIELD_OPS_\Fiels_Ops\Field_Ops.Infrastructure\bin\Debug\net8.0\Field_Ops.Infrastructure.dll" to "bin\Debug\net8.0\Field_Ops.Infrastructure.dll". Beginning retry 4 in 1000ms. The process cannot access the file 'C:\Users\aflah\OneDrive\Desktop\FIELD_OPS_\Fiels_Ops\Field_Ops.WebApi\bin\Debug\net8.0\Field_Ops.Infrastructure.dll' because it is being used by another process. The file is locked by: "Field_Ops.WebApi (19864)" [C:\Users\aflah\OneDrive\Desktop\FIELD_OPS_\Fiels_Ops\Field_Ops.WebApi\Field_Ops.WebApi.csproj]
C:\Program Files\dotnet\sdk\9.0.305\Microsoft.Common.CurrentVersion.targets(5093,5): warning MSB3026: Could not copy "C:\Users\aflah\OneDrive\Desktop\FIELD_OPS_\Fiels_Ops\Field_Ops.Infrastructure\bin\Debug\net8.0\Field_Ops.Infrastructure.dll" to "bin\Debug\net8.0\Field_Ops.Infrastructure.dll". Beginning retry 5 in 1000ms. The process cannot access the file 'C:\Users\aflah\OneDrive\Desktop\FIELD_OPS_\Fiels_Ops\Field_Ops.WebApi\bin\Debug\net8.0\Field_Ops.Infrastructure.dll' because it is being used by another process. The file is locked by: "Field_Ops.WebApi (19864)" [C:\Users\aflah\OneDrive\Desktop\FIELD_OPS_\Fiels_Ops\Field_Ops.WebApi\Field_Ops.WebApi.csproj]
C:\Program Files\dotnet\sdk\9.0.305\Microsoft.Common.CurrentVersion.targets(5093,5): warning MSB3026: Could not copy "C:\Users\aflah\OneDrive\Desktop\FIELD_OPS_\Fiels_Ops\Field_Ops.Infrastructure\bin\Debug\net8.0\Field_Ops.Infrastructure.dll" to "bin\Debug\net8.0\Field_Ops.Infrastructure.dll". Beginning retry 6 in 1000ms. The process cannot access the file 'C:\Users\aflah\OneDrive\Desktop\FIELD_OPS_\Fiels_Ops\Field_Ops.WebApi\bin\Debug\net8.0\Field_Ops.Infrastructure.dll' because it is being used by another process. The file is locked by: "Field_Ops.WebApi (19864)" [C:\Users\aflah\OneDrive\Desktop\FIELD_OPS_\Fiels_Ops\Field_Ops.WebApi\Field_Ops.WebApi.csproj]
C:\Program Files\dotnet\sdk\9.0.305\Microsoft.Common.CurrentVersion.targets(5093,5): warning MSB3026: Could not copy "C:\Users\aflah\OneDrive\Desktop\FIELD_OPS_\Fiels_Ops\Field_Ops.Infrastructure\bin\Debug\net8.0\Field_Ops.Infrastructure.dll" to "bin\Debug\net8.0\Field_Ops.Infrastructure.dll". Beginning retry 7 in 1000ms. The process cannot access the file 'C:\Users\aflah\OneDrive\Desktop\FIELD_OPS_\Fiels_Ops\Field_Ops.WebApi\bin\Debug\net8.0\Field_Ops.Infrastructure.dll' because it is being used by another process. The file is locked by: "Field_Ops.WebApi (19864)" [C:\Users\aflah\OneDrive\Desktop\FIELD_OPS_\Fiels_Ops\Field_Ops.WebApi\Field_Ops.WebApi.csproj]
C:\Program Files\dotnet\sdk\9.0.305\Microsoft.Common.CurrentVersion.targets(5093,5): warning MSB3026: Could not copy "C:\Users\aflah\OneDrive\Desktop\FIELD_OPS_\Fiels_Ops\Field_Ops.Infrastructure\bin\Debug\net8.0\Field_Ops.Infrastructure.dll" to "bin\Debug\net8.0\Field_Ops.Infrastructure.dll". Beginning retry 8 in 1000ms. The process cannot access the file 'C:\Users\aflah\OneDrive\Desktop\FIELD_OPS_\Fiels_Ops\Field_Ops.WebApi\bin\Debug\net8.0\Field_Ops.Infrastructure.dll' because it is being used by another process. The file is locked by: "Field_Ops.WebApi (19864)" [C:\Users\aflah\OneDrive\Desktop\FIELD_OPS_\Fiels_Ops\Field_Ops.WebApi\Field_Ops.WebApi.csproj]
C:\Program Files\dotnet\sdk\9.0.305\Microsoft.Common.CurrentVersion.targets(5093,5): warning MSB3026: Could not copy "C:\Users\aflah\OneDrive\Desktop\FIELD_OPS_\Fiels_Ops\Field_Ops.Infrastructure\bin\Debug\net8.0\Field_Ops.Infrastructure.dll" to "bin\Debug\net8.0\Field_Ops.Infrastructure.dll". Beginning retry 9 in 1000ms. The process cannot access the file 'C:\Users\aflah\OneDrive\Desktop\FIELD_OPS_\Fiels_Ops\Field_Ops.WebApi\bin\Debug\net8.0\Field_Ops.Infrastructure.dll' because it is being used by another process. The file is locked by: "Field_Ops.WebApi (19864)" [C:\Users\aflah\OneDrive\Desktop\FIELD_OPS_\Fiels_Ops\Field_Ops.WebApi\Field_Ops.WebApi.csproj]
C:\Program Files\dotnet\sdk\9.0.305\Microsoft.Common.CurrentVersion.targets(5093,5): warning MSB3026: Could not copy "C:\Users\aflah\OneDrive\Desktop\FIELD_OPS_\Fiels_Ops\Field_Ops.Infrastructure\bin\Debug\net8.0\Field_Ops.Infrastructure.dll" to "bin\Debug\net8.0\Field_Ops.Infrastructure.dll". Beginning retry 10 in 1000ms. The process cannot access the file 'C:\Users\aflah\OneDrive\Desktop\FIELD_OPS_\Fiels_Ops\Field_Ops.WebApi\bin\Debug\net8.0\Field_Ops.Infrastructure.dll' because it is being used by another process. The file is locked by: "Field_Ops.WebApi (19864)" [C:\Users\aflah\OneDrive\Desktop\FIELD_OPS_\Fiels_Ops\Field_Ops.WebApi\Field_Ops.WebApi.csproj]
C:\Program Files\dotnet\sdk\9.0.305\Microsoft.Common.CurrentVersion.targets(5093,5): error MSB3027: Could not copy "C:\Users\aflah\OneDrive\Desktop\FIELD_OPS_\Fiels_Ops\Field_Ops.Infrastructure\bin\Debug\net8.0\Field_Ops.Infrastructure.dll" to "bin\Debug\net8.0\Field_Ops.Infrastructure.dll". Exceeded retry count of 10. Failed. The file is locked by: "Field_Ops.WebApi (19864)" [C:\Users\aflah\OneDrive\Desktop\FIELD_OPS_\Fiels_Ops\Field_Ops.WebApi\Field_Ops.WebApi.csproj]
C:\Program Files\dotnet\sdk\9.0.305\Microsoft.Common.CurrentVersion.targets(5093,5): error MSB3021: Unable to copy file "C:\Users\aflah\OneDrive\Desktop\FIELD_OPS_\Fiels_Ops\Field_Ops.Infrastructure\bin\Debug\net8.0\Field_Ops.Infrastructure.dll" to "bin\Debug\net8.0\Field_Ops.Infrastructure.dll". The process cannot access the file 'C:\Users\aflah\OneDrive\Desktop\FIELD_OPS_\Fiels_Ops\Field_Ops.WebApi\bin\Debug\net8.0\Field_Ops.Infrastructure.dll' because it is being used by another process. [C:\Users\aflah\OneDrive\Desktop\FIELD_OPS_\Fiels_Ops\Field_Ops.WebApi\Field_Ops.WebApi.csproj]

Build FAILED.

C:\Program Files\dotnet\sdk\9.0.305\Microsoft.Common.CurrentVersion.targets(5093,5): warning MSB3026: Could not copy "C:\Users\aflah\OneDrive\Desktop\FIELD_OPS_\Fiels_Ops\Field_Ops.Infrastructure\bin\Debug\net8.0\Field_Ops.Infrastructure.dll" to "bin\Debug\net8.0\Field_Ops.Infrastructure.dll". Beginning retry 1 in 1000ms. The process cannot access the file 'C:\Users\aflah\OneDrive\Desktop\FIELD_OPS_\Fiels_Ops\Field_Ops.WebApi\bin\Debug\net8.0\Field_Ops.Infrastructure.dll' because it is being used by another process. The file is locked by: "Field_Ops.WebApi (19864)" [C:\Users\aflah\OneDrive\Desktop\FIELD_OPS_\Fiels_Ops\Field_Ops.WebApi\Field_Ops.WebApi.csproj]
C:\Program Files\dotnet\sdk\9.0.305\Microsoft.Common.CurrentVersion.targets(5093,5): warning MSB3026: Could not copy "C:\Users\aflah\OneDrive\Desktop\FIELD_OPS_\Fiels_Ops\Field_Ops.Infrastructure\bin\Debug\net8.0\Field_Ops.Infrastructure.dll" to "bin\Debug\net8.0\Field_Ops.Infrastructure.dll". Beginning retry 2 in 1000ms. The process cannot access the file 'C:\Users\aflah\OneDrive\Desktop\FIELD_OPS_\Fiels_Ops\Field_Ops.WebApi\bin\Debug\net8.0\Field_Ops.Infrastructure.dll' because it is being used by another process. The file is locked by: "Field_Ops.WebApi (19864)" [C:\Users\aflah\OneDrive\Desktop\FIELD_OPS_\Fiels_Ops\Field_Ops.WebApi\Field_Ops.WebApi.csproj]
C:\Program Files\dotnet\sdk\9.0.305\Microsoft.Common.CurrentVersion.targets(5093,5): warning MSB3026: Could not copy "C:\Users\aflah\OneDrive\Desktop\FIELD_OPS_\Fiels_Ops\Field_Ops.Infrastructure\bin\Debug\net8.0\Field_Ops.Infrastructure.dll" to "bin\Debug\net8.0\Field_Ops.Infrastructure.dll". Beginning retry 3 in 1000ms. The process cannot access the file 'C:\Users\aflah\OneDrive\Desktop\FIELD_OPS_\Fiels_Ops\Field_Ops.WebApi\bin\Debug\net8.0\Field_Ops.Infrastructure.dll' because it is being used by another process. The file is locked by: "Field_Ops.WebApi (19864)" [C:\Users\aflah\OneDrive\Desktop\FIELD_OPS_\Fiels_Ops\Field_Ops.WebApi\Field_Ops.WebApi.csproj]
C:\Program Files\dotnet\sdk\9.0.305\Microsoft.Common.CurrentVersion.targets(5093,5): warning MSB3026: Could not copy "C:\Users\aflah\OneDrive\Desktop\FIELD_OPS_\Fiels_Ops\Field_Ops.Infrastructure\bin\Debug\net8.0\Field_Ops.Infrastructure.dll" to "bin\Debug\net8.0\Field_Ops.Infrastructure.dll". Beginning retry 4 in 1000ms. The process cannot access the file 'C:\Users\aflah\OneDrive\Desktop\FIELD_OPS_\Fiels_Ops\Field_Ops.WebApi\bin\Debug\net8.0\Field_Ops.Infrastructure.dll' because it is being used by another process. The file is locked by: "Field_Ops.WebApi (19864)" [C:\Users\aflah\OneDrive\Desktop\FIELD_OPS_\Fiels_Ops\Field_Ops.WebApi\Field_Ops.WebApi.csproj]
C:\Program Files\dotnet\sdk\9.0.305\Microsoft.Common.CurrentVersion.targets(5093,5): warning MSB3026: Could not copy "C:\Users\aflah\OneDrive\Desktop\FIELD_OPS_\Fiels_Ops\Field_Ops.Infrastructure\bin\Debug\net8.0\Field_Ops.Infrastructure.dll" to "bin\Debug\net8.0\Field_Ops.Infrastructure.dll". Beginning retry 5 in 1000ms. The process cannot access the file 'C:\Users\aflah\OneDrive\Desktop\FIELD_OPS_\Fiels_Ops\Field_Ops.WebApi\bin\Debug\net8.0\Field_Ops.Infrastructure.dll' because it is being used by another process. The file is locked by: "Field_Ops.WebApi (19864)" [C:\Users\aflah\OneDrive\Desktop\FIELD_OPS_\Fiels_Ops\Field_Ops.WebApi\Field_Ops.WebApi.csproj]
C:\Program Files\dotnet\sdk\9.0.305\Microsoft.Common.CurrentVersion.targets(5093,5): warning MSB3026: Could not copy "C:\Users\aflah\OneDrive\Desktop\FIELD_OPS_\Fiels_Ops\Field_Ops.Infrastructure\bin\Debug\net8.0\Field_Ops.Infrastructure.dll" to "bin\Debug\net8.0\Field_Ops.Infrastructure.dll". Beginning retry 6 in 1000ms. The process cannot access the file 'C:\Users\aflah\OneDrive\Desktop\FIELD_OPS_\Fiels_Ops\Field_Ops.WebApi\bin\Debug\net8.0\Field_Ops.Infrastructure.dll' because it is being used by another process. The file is locked by: "Field_Ops.WebApi (19864)" [C:\Users\aflah\OneDrive\Desktop\FIELD_OPS_\Fiels_Ops\Field_Ops.WebApi\Field_Ops.WebApi.csproj]
C:\Program Files\dotnet\sdk\9.0.305\Microsoft.Common.CurrentVersion.targets(5093,5): warning MSB3026: Could not copy "C:\Users\aflah\OneDrive\Desktop\FIELD_OPS_\Fiels_Ops\Field_Ops.Infrastructure\bin\Debug\net8.0\Field_Ops.Infrastructure.dll" to "bin\Debug\net8.0\Field_Ops.Infrastructure.dll". Beginning retry 7 in 1000ms. The process cannot access the file 'C:\Users\aflah\OneDrive\Desktop\FIELD_OPS_\Fiels_Ops\Field_Ops.WebApi\bin\Debug\net8.0\Field_Ops.Infrastructure.dll' because it is being used by another process. The file is locked by: "Field_Ops.WebApi (19864)" [C:\Users\aflah\OneDrive\Desktop\FIELD_OPS_\Fiels_Ops\Field_Ops.WebApi\Field_Ops.WebApi.csproj]
C:\Program Files\dotnet\sdk\9.0.305\Microsoft.Common.CurrentVersion.targets(5093,5): warning MSB3026: Could not copy "C:\Users\aflah\OneDrive\Desktop\FIELD_OPS_\Fiels_Ops\Field_Ops.Infrastructure\bin\Debug\net8.0\Field_Ops.Infrastructure.dll" to "bin\Debug\net8.0\Field_Ops.Infrastructure.dll". Beginning retry 8 in 1000ms. The process cannot access the file 'C:\Users\aflah\OneDrive\Desktop\FIELD_OPS_\Fiels_Ops\Field_Ops.WebApi\bin\Debug\net8.0\Field_Ops.Infrastructure.dll' because it is being used by another process. The file is locked by: "Field_Ops.WebApi (19864)" [C:\Users\aflah\OneDrive\Desktop\FIELD_OPS_\Fiels_Ops\Field_Ops.WebApi\Field_Ops.WebApi.csproj]
C:\Program Files\dotnet\sdk\9.0.305\Microsoft.Common.CurrentVersion.targets(5093,5): warning MSB3026: Could not copy "C:\Users\aflah\OneDrive\Desktop\FIELD_OPS_\Fiels_Ops\Field_Ops.Infrastructure\bin\Debug\net8.0\Field_Ops.Infrastructure.dll" to "bin\Debug\net8.0\Field_Ops.Infrastructure.dll". Beginning retry 9 in 1000ms. The process cannot access the file 'C:\Users\aflah\OneDrive\Desktop\FIELD_OPS_\Fiels_Ops\Field_Ops.WebApi\bin\Debug\net8.0\Field_Ops.Infrastructure.dll' because it is being used by another process. The file is locked by: "Field_Ops.WebApi (19864)" [C:\Users\aflah\OneDrive\Desktop\FIELD_OPS_\Fiels_Ops\Field_Ops.WebApi\Field_Ops.WebApi.csproj]
C:\Program Files\dotnet\sdk\9.0.305\Microsoft.Common.CurrentVersion.targets(5093,5): warning MSB3026: Could not copy "C:\Users\aflah\OneDrive\Desktop\FIELD_OPS_\Fiels_Ops\Field_Ops.Infrastructure\bin\Debug\net8.0\Field_Ops.Infrastructure.dll" to "bin\Debug\net8.0\Field_Ops.Infrastructure.dll". Beginning retry 10 in 1000ms. The process cannot access the file 'C:\Users\aflah\OneDrive\Desktop\FIELD_OPS_\Fiels_Ops\Field_Ops.WebApi\bin\Debug\net8.0\Field_Ops.Infrastructure.dll' because it is being used by another process. The file is locked by: "Field_Ops.WebApi (19864)" [C:\Users\aflah\OneDrive\Desktop\FIELD_OPS_\Fiels_Ops\Field_Ops.WebApi\Field_Ops.WebApi.csproj]
C:\Program Files\dotnet\sdk\9.0.305\Microsoft.Common.CurrentVersion.targets(5093,5): error MSB3027: Could not copy "C:\Users\aflah\OneDrive\Desktop\FIELD_OPS_\Fiels_Ops\Field_Ops.Infrastructure\bin\Debug\net8.0\Field_Ops.Infrastructure.dll" to "bin\Debug\net8.0\Field_Ops.Infrastructure.dll". Exceeded retry count of 10. Failed. The file is locked by: "Field_Ops.WebApi (19864)" [C:\Users\aflah\OneDrive\Desktop\FIELD_OPS_\Fiels_Ops\Field_Ops.WebApi\Field_Ops.WebApi.csproj]
C:\Program Files\dotnet\sdk\9.0.305\Microsoft.Common.CurrentVersion.targets(5093,5): error MSB3021: Unable to copy file "C:\Users\aflah\OneDrive\Desktop\FIELD_OPS_\Fiels_Ops\Field_Ops.Infrastructure\bin\Debug\net8.0\Field_Ops.Infrastructure.dll" to "bin\Debug\net8.0\Field_Ops.Infrastructure.dll". The process cannot access the file 'C:\Users\aflah\OneDrive\Desktop\FIELD_OPS_\Fiels_Ops\Field_Ops.WebApi\bin\Debug\net8.0\Field_Ops.Infrastructure.dll' because it is being used by another process. [C:\Users\aflah\OneDrive\Desktop\FIELD_OPS_\Fiels_Ops\Field_Ops.WebApi\Field_Ops.WebApi.csproj]
    10 Warning(s)
    2 Error(s)

Time Elapsed 00:00:14.93
